// Jest Snapshot v1, https://goo.gl/fbAQLP

exports[`InputFeed renders complete UI steps and error steps 1`] = `
<div
  className="session-input-feed"
>
  <div
    className="primary-inputs"
  />
  <div
    className="step-user-input step"
  >
    <div
      onClick={[Function]}
    >
      <div
        className="step-name"
      >
        <div
          className="step-status-icon-wrapper"
        >
          <span
            className="icon-grp icon-grp-step-status-icon light  fa-stack fa-fw"
          >
            <i
              className="icon step-status-icon light  clock fa fa-2x fa-clock"
            />
          </span>
        </div>
        <div
          className="step-button"
        >
          second
        </div>
      </div>
    </div>
    <div
      className="step-user-input-inputs sliding-panel vertical open"
    >
      <div
        className="view_item"
      >
        <div
          className="item_view"
        >
          <div
            className="input-help"
          >
            <div
              className="input-help-children-wrapper"
            >
              <input
                onChange={[Function]}
                type="text"
                value=""
              />
            </div>
          </div>
        </div>
      </div>
    </div>
  </div>
  <div
    className="step-user-input step"
  >
    <div
      onClick={[Function]}
    >
      <div
        className="step-name"
      >
        <div
          className="step-status-icon-wrapper"
        >
          <span
            className="icon-grp icon-grp-step-status-icon light  fa-stack fa-fw"
          >
            <i
              className="icon step-status-icon light  clock fa fa-2x fa-clock"
            />
          </span>
        </div>
        <div
          className="step-button"
        >
          third
        </div>
      </div>
    </div>
    <div
      className="step-user-input-inputs sliding-panel vertical open"
    >
      <div
        className="view_item"
      >
        <div
          className="item_view"
        >
          <div
            className="input-help"
          >
            <div
              className="input-help-children-wrapper"
            >
              <input
                onChange={[Function]}
                type="text"
                value=""
              />
            </div>
          </div>
        </div>
      </div>
    </div>
  </div>
  <div
    className="step-error"
  >
    <div
      className="step-name"
    >
      <div
        className="step-status-icon-wrapper"
      >
        <span
          className="icon-grp icon-grp-step-status-icon light red  fa-stack fa-fw"
        >
          <i
            className="icon step-status-icon light red  times-circle fa fa-2x fa-times-circle"
          />
        </span>
      </div>
      <div
        className="step-button"
      >
        zero
      </div>
    </div>
    <div
      className="text-wrapper"
    >
      <textarea
        readonly={true}
        rows={2}
      >
        oops!
      </textarea>
    </div>
  </div>
</div>
`;
