// Jest Snapshot v1, https://goo.gl/fbAQLP

exports[`OutputFeed renders UI output steps 1`] = `
<div
  className="session-output-feed"
>
  <div
    className="step-output"
  >
    <div
      className="step-name"
    >
      <div
        className="step-status-icon-wrapper"
      >
        <span
          className="icon-grp icon-grp-step-status-icon light green  fa-stack fa-fw"
          title="second"
        >
          <i
            className="icon step-status-icon light green  check fa fa-2x fa-check"
          />
        </span>
      </div>
      <div
        className="step-button"
      >
        second
      </div>
    </div>
    <div
      className="outputs-pane"
    />
  </div>
  <div
    className="step-output"
  >
    <div
      className="step-name"
    >
      <div
        className="step-status-icon-wrapper"
      >
        <span
          className="icon-grp icon-grp-step-status-icon light green  fa-stack fa-fw"
          title="fourth"
        >
          <i
            className="icon step-status-icon light green  check fa fa-2x fa-check"
          />
        </span>
      </div>
      <div
        className="step-button"
      >
        fourth
      </div>
    </div>
    <div
      className="outputs-pane"
    >
      <a
        className="link"
        href="https://foo"
        onClick={null}
      >
        foo
      </a>
    </div>
  </div>
  <div
    className="step-output"
  >
    <div
      className="step-name"
    >
      <div
        className="step-status-icon-wrapper"
      >
        <span
          className="icon-grp icon-grp-step-status-icon light green  fa-stack fa-fw"
          title="sixth"
        >
          <i
            className="icon step-status-icon light green  check fa fa-2x fa-check"
          />
        </span>
      </div>
      <div
        className="step-button"
      >
        sixth
      </div>
    </div>
    <div
      className="outputs-pane"
    >
      <div
        className="raw-view"
      >
        ["Foo data"]
      </div>
    </div>
  </div>
</div>
`;
