// Jest Snapshot v1, https://goo.gl/fbAQLP

exports[`OutputFeed renders UI output steps 1`] = `
<div
  className="session-output-feed"
>
  <div
    className="step-output"
  >
    <div
      className="step-name"
    >
      <div
        className="step-status-icon-wrapper"
      >
        <span
          className="icon-grp fa-stack fa-fw"
        >
          <i
            className="icon step-status-icon light green check fa fa-2x fa-check"
          />
        </span>
      </div>
      <div
        className="step-button"
      >
        second
      </div>
    </div>
    <div
      className="outputs-pane"
    >
      <div
        style={
          Object {
            "display": "inline-block",
            "position": "relative",
          }
        }
      />
    </div>
  </div>
  <div
    className="step-output"
  >
    <div
      className="step-name"
    >
      <div
        className="step-status-icon-wrapper"
      >
        <span
          className="icon-grp fa-stack fa-fw"
        >
          <i
            className="icon step-status-icon light green check fa fa-2x fa-check"
          />
        </span>
      </div>
      <div
        className="step-button"
      >
        fourth
      </div>
    </div>
    <div
      className="outputs-pane"
    >
      <a
        className="link"
        href="https://foo"
        onClick={null}
      >
        Download data here
      </a>
    </div>
  </div>
  <div
    className="step-output"
  >
    <div
      className="step-name"
    >
      <div
        className="step-status-icon-wrapper"
      >
        <span
          className="icon-grp fa-stack fa-fw"
        >
          <i
            className="icon step-status-icon light green check fa fa-2x fa-check"
          />
        </span>
      </div>
      <div
        className="step-button"
      >
        sixth
      </div>
    </div>
    <div
      className="outputs-pane"
    >
      <div
        className="raw-view"
      >
        some text!
      </div>
    </div>
  </div>
</div>
`;
