// Jest Snapshot v1, https://goo.gl/fbAQLP

exports[`PrimaryInputs renders each type of input 1`] = `
<div
  className="primary-inputs"
>
  <div
    className="inputs-pane"
  >
    <div
      className="header-wrapper"
    >
      <div
        className="inputs-pane-header"
        onClick={[Function]}
      >
        <div
          className="title"
        >
          Inputs
        </div>
      </div>
      <div
        className="filler"
      />
    </div>
    <div
      className="primary-inputs-container items sliding-panel vertical open"
    >
      <div
        className="view_item"
      >
        <div
          className="item_name"
        >
          anInt
        </div>
        <div
          className="item_view"
        >
          <div
            className="input-help"
          >
            <div
              className="input-help-children-wrapper"
            >
              <input
                onChange={[Function]}
                onKeyPress={[Function]}
                type="text"
                value={1}
              />
            </div>
            <div
              className="help-icon-wrapper"
              title="help"
            >
              <span
                className="icon-grp icon-grp-help-icon  fa-stack fa-fw"
              >
                <i
                  className="icon help-icon  question-circle fa fa-2x fa-question-circle"
                />
              </span>
            </div>
          </div>
        </div>
      </div>
      <div
        className="view_item"
      >
        <div
          className="item_name"
        >
          aFloat
        </div>
        <div
          className="item_view"
        >
          <div
            className="input-help"
          >
            <div
              className="input-help-children-wrapper"
            >
              <input
                onChange={[Function]}
                onKeyPress={[Function]}
                type="text"
                value={1.2}
              />
            </div>
            <div
              className="help-icon-wrapper"
              title="help"
            >
              <span
                className="icon-grp icon-grp-help-icon  fa-stack fa-fw"
              >
                <i
                  className="icon help-icon  question-circle fa fa-2x fa-question-circle"
                />
              </span>
            </div>
          </div>
        </div>
      </div>
      <div
        className="view_item"
      >
        <div
          className="item_name"
        >
          aBool
        </div>
        <div
          className="item_view"
        >
          <div
            className="input-help"
          >
            <div
              className="input-help-children-wrapper"
            >
              <input
                className="text_box"
                defaultChecked={true}
                onChange={[Function]}
                type="checkbox"
              />
            </div>
            <div
              className="help-icon-wrapper"
              title="help"
            >
              <span
                className="icon-grp icon-grp-help-icon  fa-stack fa-fw"
              >
                <i
                  className="icon help-icon  question-circle fa fa-2x fa-question-circle"
                />
              </span>
            </div>
          </div>
        </div>
      </div>
      <div
        className="view_item"
      >
        <div
          className="item_name"
        >
          anIntWithoutDefault
        </div>
        <div
          className="item_view"
        >
          <div
            className="input-help"
          >
            <div
              className="input-help-children-wrapper"
            >
              <input
                onChange={[Function]}
                onKeyPress={[Function]}
                type="text"
                value=""
              />
            </div>
            <div
              className="help-icon-wrapper"
              title="help"
            >
              <span
                className="icon-grp icon-grp-help-icon  fa-stack fa-fw"
              >
                <i
                  className="icon help-icon  question-circle fa fa-2x fa-question-circle"
                />
              </span>
            </div>
          </div>
        </div>
      </div>
      <div
        className="view_item"
      >
        <div
          className="item_name"
        >
          aFloatWithoutDefault
        </div>
        <div
          className="item_view"
        >
          <div
            className="input-help"
          >
            <div
              className="input-help-children-wrapper"
            >
              <input
                onChange={[Function]}
                onKeyPress={[Function]}
                type="text"
                value=""
              />
            </div>
            <div
              className="help-icon-wrapper"
              title="help"
            >
              <span
                className="icon-grp icon-grp-help-icon  fa-stack fa-fw"
              >
                <i
                  className="icon help-icon  question-circle fa fa-2x fa-question-circle"
                />
              </span>
            </div>
          </div>
        </div>
      </div>
      <div
        className="view_item"
      >
        <div
          className="item_name"
        >
          aBoolWithoutDefault
        </div>
        <div
          className="item_view"
        >
          <div
            className="input-help"
          >
            <div
              className="input-help-children-wrapper"
            >
              <input
                className="text_box"
                onChange={[Function]}
                type="checkbox"
              />
            </div>
            <div
              className="help-icon-wrapper"
              title="help"
            >
              <span
                className="icon-grp icon-grp-help-icon  fa-stack fa-fw"
              >
                <i
                  className="icon help-icon  question-circle fa fa-2x fa-question-circle"
                />
              </span>
            </div>
          </div>
        </div>
      </div>
    </div>
  </div>
</div>
`;
