// Jest Snapshot v1, https://goo.gl/fbAQLP

exports[`PrimaryInputs renders each type of input 1`] = `
<div
  className="primary-inputs inputs-pane"
>
  <div
    className="title"
  >
    Inputs
  </div>
  <div
    className="primary-inputs-container items"
  >
    <div
      className="view_item"
    >
      <div
        className="item_name"
      >
        anInt
      </div>
      <div
        className="item_view"
      >
        <input
          onChange={[Function]}
          onKeyPress={[Function]}
          type="text"
          value={1}
        />
      </div>
    </div>
    <div
      className="view_item"
    >
      <div
        className="item_name"
      >
        aFloat
      </div>
      <div
        className="item_view"
      >
        <input
          onChange={[Function]}
          onKeyPress={[Function]}
          type="text"
          value={1.2}
        />
      </div>
    </div>
    <div
      className="view_item"
    >
      <div
        className="item_name"
      >
        aBool
      </div>
      <div
        className="item_view"
      >
        <input
          className="text_box"
          defaultChecked={true}
          onChange={[Function]}
          type="checkbox"
        />
      </div>
    </div>
    <div
      className="view_item"
    >
      <div
        className="item_name"
      >
        anIntWithoutDefault
      </div>
      <div
        className="item_view"
      >
        <input
          onChange={[Function]}
          onKeyPress={[Function]}
          type="text"
          value=""
        />
      </div>
    </div>
    <div
      className="view_item"
    >
      <div
        className="item_name"
      >
        aFloatWithoutDefault
      </div>
      <div
        className="item_view"
      >
        <input
          onChange={[Function]}
          onKeyPress={[Function]}
          type="text"
          value=""
        />
      </div>
    </div>
    <div
      className="view_item"
    >
      <div
        className="item_name"
      >
        aBoolWithoutDefault
      </div>
      <div
        className="item_view"
      >
        <input
          className="text_box"
          defaultChecked={null}
          onChange={[Function]}
          type="checkbox"
        />
      </div>
    </div>
  </div>
</div>
`;
