// Jest Snapshot v1, https://goo.gl/fbAQLP

exports[`SessionFeed renders complete UI steps and error steps 1`] = `
<div
  className="session-feed"
>
  <div
    className="step-user-input step"
  >
    <div
      className="step-name"
    >
      <div
        className="step-status-icon-wrapper"
      >
        <span
          className="icon-grp fa-stack fa-fw"
        >
          <i
            className="icon step-status-icon light green check fa fa-2x fa-check"
          />
        </span>
      </div>
      <div
        className="step-button"
      >
        second
      </div>
    </div>
    <div
      className="step-inputs inputs-pane"
    >
      <div
        class="title"
      >
        User inputs
      </div>
      <div
        className="step-inputs-container items"
      >
        <div
          className="view_item"
        >
          <div
            className="item_name"
          >
            second
          </div>
          <div
            className="item_view"
          >
            <div
              className="input-help"
            />
          </div>
        </div>
      </div>
    </div>
  </div>
  <div
    className="step-user-input step"
  >
    <div
      className="step-name"
    >
      <div
        className="step-status-icon-wrapper"
      >
        <span
          className="icon-grp fa-stack fa-fw"
        >
          <i
            className="icon step-status-icon light clock fa fa-2x fa-clock"
          />
        </span>
      </div>
      <div
        className="step-button"
      >
        third
      </div>
    </div>
    <div
      className="step-inputs inputs-pane"
    >
      <div
        class="title"
      >
        User inputs
      </div>
      <div
        className="step-inputs-container items"
      >
        <div
          className="view_item"
        >
          <div
            className="item_name"
          >
            third
          </div>
          <div
            className="item_view"
          >
            <div
              className="input-help"
            />
          </div>
        </div>
      </div>
    </div>
  </div>
  <div
    className="step-error"
  >
    <div
      className="step-name"
    >
      <div
        className="step-status-icon-wrapper"
      >
        <span
          className="icon-grp fa-stack fa-fw"
        >
          <i
            className="icon step-status-icon light red times-circle fa fa-2x fa-times-circle"
          />
        </span>
      </div>
      <div
        className="step-button"
      >
        first
      </div>
    </div>
    <div
      className="text-wrapper"
    >
      <textarea
        rows={1}
      >
        oops!
      </textarea>
    </div>
  </div>
</div>
`;
