// Jest Snapshot v1, https://goo.gl/fbAQLP

exports[`RootView renders 1`] = `
<div
  className="root-view"
>
  <div
    className="title"
  >
    Available Projects
  </div>
  <div
    className="projects"
  >
    <div
      className="project header"
    >
      <div
        className="project_name"
      >
         project_name 
      </div>
      <div
        className="role"
      >
         role 
      </div>
      <div
        className="full_name"
      >
         title 
      </div>
    </div>
    <div>
      Your projects:
      <div>
        <div
          className="project"
        >
          <div
            className="project_name"
          >
            <a
              href="/labors"
            >
              labors
            </a>
          </div>
          <div
            className="role"
          >
            viewer
            
          </div>
          <div
            className="full_name"
          >
            The Twelve Labors of Hercules
          </div>
        </div>
        <div
          className="project"
        >
          <div
            className="project_name"
          >
            <a
              href="/wisdom"
            >
              wisdom
            </a>
          </div>
          <div
            className="role"
          >
            viewer
            
          </div>
          <div
            className="full_name"
          >
            Athena's Wisdom
          </div>
        </div>
      </div>
    </div>
    <div>
      Resource projects:
      <div>
        <span>
          No resource projects.
        </span>
      </div>
    </div>
  </div>
</div>
`;
