// Jest Snapshot v1, https://goo.gl/fbAQLP

exports[`OutputFeed renders UI output steps 1`] = `
<div
  className="session-output-feed"
>
  <div
    className="step-output"
  >
    <div
      className="step-name"
    >
      <svg
        aria-describedby={null}
        aria-hidden={true}
        className="MuiSvgIcon-root makeStyles-complete-2 makeStyles-icon-1"
        focusable="false"
        onBlur={[Function]}
        onFocus={[Function]}
        onMouseLeave={[Function]}
        onMouseOver={[Function]}
        onTouchEnd={[Function]}
        onTouchStart={[Function]}
        title="second"
        viewBox="0 0 24 24"
      >
        <path
          d="M9 16.17L4.83 12l-1.42 1.41L9 19 21 7l-1.41-1.41z"
        />
      </svg>
      <div
        className="step-button"
      >
        second
      </div>
    </div>
    <div
      className="outputs-pane"
    />
  </div>
  <div
    className="step-output"
  >
    <div
      className="step-name"
    >
      <svg
        aria-describedby={null}
        aria-hidden={true}
        className="MuiSvgIcon-root makeStyles-complete-2 makeStyles-icon-1"
        focusable="false"
        onBlur={[Function]}
        onFocus={[Function]}
        onMouseLeave={[Function]}
        onMouseOver={[Function]}
        onTouchEnd={[Function]}
        onTouchStart={[Function]}
        title="fourth"
        viewBox="0 0 24 24"
      >
        <path
          d="M9 16.17L4.83 12l-1.42 1.41L9 19 21 7l-1.41-1.41z"
        />
      </svg>
      <div
        className="step-button"
      >
        fourth
      </div>
    </div>
    <div
      className="outputs-pane"
    >
      <a
        className="link"
        href="https://foo"
        onClick={null}
      >
        foo
      </a>
    </div>
  </div>
  <div
    className="step-output"
  >
    <div
      className="step-name"
    >
      <svg
        aria-describedby={null}
        aria-hidden={true}
        className="MuiSvgIcon-root makeStyles-complete-2 makeStyles-icon-1"
        focusable="false"
        onBlur={[Function]}
        onFocus={[Function]}
        onMouseLeave={[Function]}
        onMouseOver={[Function]}
        onTouchEnd={[Function]}
        onTouchStart={[Function]}
        title="sixth"
        viewBox="0 0 24 24"
      >
        <path
          d="M9 16.17L4.83 12l-1.42 1.41L9 19 21 7l-1.41-1.41z"
        />
      </svg>
      <div
        className="step-button"
      >
        sixth
      </div>
    </div>
    <div
      className="outputs-pane"
    >
      <div
        className="raw-view"
      >
        ["Foo data"]
      </div>
    </div>
  </div>
</div>
`;
